Traceback (most recent call last):
  File "<frozen runpy>", line 198, in _run_module_as_main
  File "<frozen runpy>", line 88, in _run_code
  File "C:\Users\Matias\f1_inspo_v8\f1-driver-ranking\src\historical_xw\cli.py", line 176, in <module>
    main()
    ~~~~^^
  File "C:\Users\Matias\f1_inspo_v8\f1-driver-ranking\src\historical_xw\cli.py", line 172, in main
    args.func(args)
    ~~~~~~~~~^^^^^^
  File "C:\Users\Matias\f1_inspo_v8\f1-driver-ranking\src\historical_xw\cli.py", line 158, in <lambda>
    history_v8.set_defaults(func=lambda a: [analyze_season_v8(year, Path(a.output), a.simulations, True) for year in range(a.from_season, a.to_season + 1)])
                                            ~~~~~~~~~~~~~~~~~^^^^^^^^^^^^^^^^^^^^^^^^^^^^^^^^^^^^^^^^^^^
  File "C:\Users\Matias\f1_inspo_v8\f1-driver-ranking\src\historical_xw\real_pipeline.py", line 171, in analyze_season_v8
    decomposed = decompose_event_v8(entries, _context(race.iloc[0]), SimulationConfig(simulations=simulations, seed=season * 100 + int(rnd)))
  File "C:\Users\Matias\f1_inspo_v8\f1-driver-ranking\src\historical_xw\decomposition.py", line 72, in decompose_event_v8
    coalition_values = all_coalitions_expected_percentile(entries, context, config)
  File "C:\Users\Matias\f1_inspo_v8\f1-driver-ranking\src\historical_xw\simulation.py", line 148, in all_coalitions_expected_percentile
    percentiles = monte_carlo_full_ranking(entries, context, config, coalition, resample_capabilities=False)
  File "C:\Users\Matias\f1_inspo_v8\f1-driver-ranking\src\historical_xw\simulation.py", line 123, in monte_carlo_full_ranking
    order = _sample_full_order(sampled, context, coalition, rng)
  File "C:\Users\Matias\f1_inspo_v8\f1-driver-ranking\src\historical_xw\simulation.py", line 82, in _sample_full_order
    pick = rng.choice(len(remaining), p=probabilities)
  File "numpy/random/_generator.pyx", line 892, in numpy.random._generator.Generator.choice
ValueError: a and p must have same size
EXIT CODE: 1
